// Jest Snapshot v1, https://goo.gl/fbAQLP

exports[`UserView render the component 1`] = `
<div>
  <vusersearchform-stub></vusersearchform-stub>
</div>
`;
